48
511212756
Looking in links: wheels
Processing ./wheels/aiohappyeyeballs-2.7.1-py3-none-any.whl (from -r crew-requirements-linux-arm64.lock (line 3))
Processing ./wheels/aiohttp-3.14.3-cp312-cp312-manylinux2014_aarch64.manylinux_2_17_aarch64.manylinux_2_28_aarch64.whl (from -r crew-requirements-linux-arm64.lock (line 9))
Processing ./wheels/aiosignal-1.4.0-py3-none-any.whl (from -r crew-requirements-linux-arm64.lock (line 132))
Processing ./wheels/attrs-26.1.0-py3-none-any.whl (from -r crew-requirements-linux-arm64.lock (line 138))
Processing ./wheels/certifi-2026.7.22-py3-none-any.whl (from -r crew-requirements-linux-arm64.lock (line 146))
Processing ./wheels/cffi-2.1.1-cp312-cp312-manylinux2014_aarch64.manylinux_2_17_aarch64.whl (from -r crew-requirements-linux-arm64.lock (line 152))
Processing ./wheels/charset_normalizer-3.5.1-cp312-cp312-manylinux2014_aarch64.manylinux_2_17_aarch64.manylinux_2_28_aarch64.whl (from -r crew-requirements-linux-arm64.lock (line 256))
Processing ./wheels/cron_descriptor-1.4.5-py3-none-any.whl (from -r crew-requirements-linux-arm64.lock (line 433))
Processing ./wheels/croniter-2.0.7-py2.py3-none-any.whl (from -r crew-requirements-linux-arm64.lock (line 439))
Processing ./wheels/cryptography-47.0.0-cp311-abi3-manylinux2014_aarch64.manylinux_2_17_aarch64.whl (from -r crew-requirements-linux-arm64.lock (line 445))
Processing ./wheels/defusedxml-0.7.1-py2.py3-none-any.whl (from -r crew-requirements-linux-arm64.lock (line 499))
Processing ./wheels/et_xmlfile-2.0.0-py3-none-any.whl (from -r crew-requirements-linux-arm64.lock (line 505))
Processing ./wheels/frozenlist-1.8.0-cp312-cp312-manylinux2014_aarch64.manylinux_2_17_aarch64.manylinux_2_28_aarch64.whl (from -r crew-requirements-linux-arm64.lock (line 511))
Processing ./wheels/idna-3.19-py3-none-any.whl (from -r crew-requirements-linux-arm64.lock (line 646))
Processing ./wheels/jinja2-3.1.6-py3-none-any.whl (from -r crew-requirements-linux-arm64.lock (line 653))
Processing ./wheels/jsonschema-4.26.0-py3-none-any.whl (from -r crew-requirements-linux-arm64.lock (line 659))
Processing ./wheels/jsonschema_specifications-2025.9.1-py3-none-any.whl (from -r crew-requirements-linux-arm64.lock (line 665))
Processing ./wheels/lxml-6.1.3-cp312-cp312-manylinux2014_aarch64.manylinux_2_17_aarch64.whl (from -r crew-requirements-linux-arm64.lock (line 671))
Processing ./wheels/markupsafe-3.0.3-cp312-cp312-manylinux2014_aarch64.manylinux_2_17_aarch64.manylinux_2_28_aarch64.whl (from -r crew-requirements-linux-arm64.lock (line 851))
Processing ./wheels/multidict-6.8.0-cp312-cp312-manylinux2014_aarch64.manylinux_2_17_aarch64.manylinux_2_28_aarch64.whl (from -r crew-requirements-linux-arm64.lock (line 944))
Processing ./wheels/numpy-2.5.3-cp312-cp312-manylinux_2_27_aarch64.manylinux_2_28_aarch64.whl (from -r crew-requirements-linux-arm64.lock (line 1120))
Processing ./wheels/openpyxl-3.1.5-py2.py3-none-any.whl (from -r crew-requirements-linux-arm64.lock (line 1190))
Processing ./wheels/opentelemetry_api-1.44.0-py3-none-any.whl (from -r crew-requirements-linux-arm64.lock (line 1196))
Processing ./wheels/opentelemetry_sdk-1.44.0-py3-none-any.whl (from -r crew-requirements-linux-arm64.lock (line 1204))
Processing ./wheels/opentelemetry_semantic_conventions-0.65b0-py3-none-any.whl (from -r crew-requirements-linux-arm64.lock (line 1210))
Processing ./wheels/pathspec-1.1.1-py3-none-any.whl (from -r crew-requirements-linux-arm64.lock (line 1216))
Processing ./wheels/pdfminer_six-20260107-py3-none-any.whl (from -r crew-requirements-linux-arm64.lock (line 1222))
Processing ./wheels/pdfplumber-0.11.10-py3-none-any.whl (from -r crew-requirements-linux-arm64.lock (line 1228))
Processing ./wheels/pillow-12.3.0-cp312-cp312-manylinux_2_27_aarch64.manylinux_2_28_aarch64.whl (from -r crew-requirements-linux-arm64.lock (line 1234))
Processing ./wheels/propcache-0.5.2-cp312-cp312-manylinux2014_aarch64.manylinux_2_17_aarch64.manylinux_2_28_aarch64.whl (from -r crew-requirements-linux-arm64.lock (line 1326))
Processing ./wheels/pycparser-3.0-py3-none-any.whl (from -r crew-requirements-linux-arm64.lock (line 1452))
Processing ./wheels/pypdfium2-5.13.0-py3-none-manylinux_2_17_aarch64.manylinux2014_aarch64.whl (from -r crew-requirements-linux-arm64.lock (line 1458))
Processing ./wheels/python_dateutil-2.9.0.post0-py2.py3-none-any.whl (from -r crew-requirements-linux-arm64.lock (line 1484))
Processing ./wheels/python_docx-1.2.0-py3-none-any.whl (from -r crew-requirements-linux-arm64.lock (line 1490))
Processing ./wheels/pytz-2026.3.post1-py2.py3-none-any.whl (from -r crew-requirements-linux-arm64.lock (line 1496))
Processing ./wheels/pyyaml-6.0.3-cp312-cp312-manylinux2014_aarch64.manylinux_2_17_aarch64.manylinux_2_28_aarch64.whl (from -r crew-requirements-linux-arm64.lock (line 1502))
Processing ./wheels/qrcode-8.2-py3-none-any.whl (from -r crew-requirements-linux-arm64.lock (line 1579))
Processing ./wheels/referencing-0.37.0-py3-none-any.whl (from -r crew-requirements-linux-arm64.lock (line 1585))
Processing ./wheels/requests-2.34.2-py3-none-any.whl (from -r crew-requirements-linux-arm64.lock (line 1592))
Processing ./wheels/rpds_py-2026.6.3-cp312-cp312-manylinux_2_17_aarch64.manylinux2014_aarch64.whl (from -r crew-requirements-linux-arm64.lock (line 1598))
Processing ./wheels/six-1.17.0-py2.py3-none-any.whl (from -r crew-requirements-linux-arm64.lock (line 1719))
Processing ./wheels/slack_sdk-3.44.1-py2.py3-none-any.whl (from -r crew-requirements-linux-arm64.lock (line 1725))
Processing ./wheels/snowballstemmer-3.1.1-py3-none-any.whl (from -r crew-requirements-linux-arm64.lock (line 1731))
Processing ./wheels/typing_extensions-4.16.0-py3-none-any.whl (from -r crew-requirements-linux-arm64.lock (line 1737))
Processing ./wheels/urllib3-2.7.0-py3-none-any.whl (from -r crew-requirements-linux-arm64.lock (line 1750))
Processing ./wheels/uv-0.12.13-py3-none-manylinux_2_17_aarch64.manylinux2014_aarch64.musllinux_1_1_aarch64.whl (from -r crew-requirements-linux-arm64.lock (line 1756))
Processing ./wheels/websockets-15.0.1-cp312-cp312-manylinux_2_17_aarch64.manylinux2014_aarch64.whl (from -r crew-requirements-linux-arm64.lock (line 1779))
Processing ./wheels/yarl-1.24.5-cp312-cp312-manylinux2014_aarch64.manylinux_2_17_aarch64.manylinux_2_28_aarch64.whl (from -r crew-requirements-linux-arm64.lock (line 1852))
Installing collected packages: pytz, cron-descriptor, websockets, uv, urllib3, typing-extensions, snowballstemmer, slack-sdk, six, rpds-py, qrcode, pyyaml, pypdfium2, pycparser, propcache, pillow, pathspec, numpy, multidict, markupsafe, lxml, idna, frozenlist, et-xmlfile, defusedxml, charset-normalizer, certifi, attrs, aiohappyeyeballs, yarl, requests, referencing, python-docx, python-dateutil, opentelemetry-api, openpyxl, jinja2, cffi, aiosignal, opentelemetry-semantic-conventions, jsonschema-specifications, cryptography, croniter, aiohttp, pdfminer-six, opentelemetry-sdk, jsonschema, pdfplumber
Successfully installed aiohappyeyeballs-2.7.1 aiohttp-3.14.3 aiosignal-1.4.0 attrs-26.1.0 certifi-2026.7.22 cffi-2.1.1 charset-normalizer-3.5.1 cron-descriptor-1.4.5 croniter-2.0.7 cryptography-47.0.0 defusedxml-0.7.1 et-xmlfile-2.0.0 frozenlist-1.8.0 idna-3.19 jinja2-3.1.6 jsonschema-4.26.0 jsonschema-specifications-2025.9.1 lxml-6.1.3 markupsafe-3.0.3 multidict-6.8.0 numpy-2.5.3 openpyxl-3.1.5 opentelemetry-api-1.44.0 opentelemetry-sdk-1.44.0 opentelemetry-semantic-conventions-0.65b0 pathspec-1.1.1 pdfminer-six-20260107 pdfplumber-0.11.10 pillow-12.3.0 propcache-0.5.2 pycparser-3.0 pypdfium2-5.13.0 python-dateutil-2.9.0.post0 python-docx-1.2.0 pytz-2026.3.post1 pyyaml-6.0.3 qrcode-8.2 referencing-0.37.0 requests-2.34.2 rpds-py-2026.6.3 six-1.17.0 slack-sdk-3.44.1 snowballstemmer-3.1.1 typing-extensions-4.16.0 urllib3-2.7.0 uv-0.12.13 websockets-15.0.1 yarl-1.24.5
No broken requirements found.
Runtime: 0.7.0-nightly.20260912t060850 Architecture: aarch64 SQLite: 3.45.1
Distribution metadata: 0.7.0
ARM runtime installed. Kiro CLI, AppArmor profile, configuration and service start are separate steps.
