Collecting aiohappyeyeballs==2.7.1 (from -r crew-requirements-linux.lock (line 3))
  Downloading aiohappyeyeballs-2.7.1-py3-none-any.whl (15 kB)
Collecting aiohttp==3.14.3 (from -r crew-requirements-linux.lock (line 7))
  Downloading aiohttp-3.14.3-cp312-cp312-manylinux2014_x86_64.manylinux_2_17_x86_64.manylinux_2_28_x86_64.whl (1.8 MB)
     ━━━━━━━━━━━━━━━━━━━━━━━━━━━━━━━━━━━━━━━━ 1.8/1.8 MB 29.6 MB/s eta 0:00:00
Collecting aiosignal==1.4.0 (from -r crew-requirements-linux.lock (line 128))
  Downloading aiosignal-1.4.0-py3-none-any.whl (7.5 kB)
Collecting attrs==26.1.0 (from -r crew-requirements-linux.lock (line 132))
  Downloading attrs-26.1.0-py3-none-any.whl (67 kB)
     ━━━━━━━━━━━━━━━━━━━━━━━━━━━━━━━━━━━━━━━━ 67.5/67.5 kB 7.9 MB/s eta 0:00:00
Collecting certifi==2026.7.22 (from -r crew-requirements-linux.lock (line 139))
  Downloading certifi-2026.7.22-py3-none-any.whl (136 kB)
     ━━━━━━━━━━━━━━━━━━━━━━━━━━━━━━━━━━━━━━ 137.0/137.0 kB 18.7 MB/s eta 0:00:00
Collecting cffi==2.1.1 (from -r crew-requirements-linux.lock (line 143))
  Downloading cffi-2.1.1-cp312-cp312-manylinux2014_x86_64.manylinux_2_17_x86_64.whl (221 kB)
     ━━━━━━━━━━━━━━━━━━━━━━━━━━━━━━━━━━━━━━ 221.8/221.8 kB 21.1 MB/s eta 0:00:00
Collecting charset-normalizer==3.5.1 (from -r crew-requirements-linux.lock (line 245))
  Downloading charset_normalizer-3.5.1-cp312-cp312-manylinux2014_x86_64.manylinux_2_17_x86_64.manylinux_2_28_x86_64.whl (248 kB)
     ━━━━━━━━━━━━━━━━━━━━━━━━━━━━━━━━━━━━━━ 248.8/248.8 kB 25.8 MB/s eta 0:00:00
Collecting cron-descriptor==1.4.5 (from -r crew-requirements-linux.lock (line 421))
  Downloading cron_descriptor-1.4.5-py3-none-any.whl (50 kB)
     ━━━━━━━━━━━━━━━━━━━━━━━━━━━━━━━━━━━━━━━━ 50.4/50.4 kB 5.5 MB/s eta 0:00:00
Collecting croniter==2.0.7 (from -r crew-requirements-linux.lock (line 425))
  Downloading croniter-2.0.7-py2.py3-none-any.whl (21 kB)
Collecting cryptography==47.0.0 (from -r crew-requirements-linux.lock (line 429))
  Downloading cryptography-47.0.0-cp311-abi3-manylinux_2_34_x86_64.whl (4.7 MB)
     ━━━━━━━━━━━━━━━━━━━━━━━━━━━━━━━━━━━━━━━━ 4.7/4.7 MB 74.4 MB/s eta 0:00:00
Collecting defusedxml==0.7.1 (from -r crew-requirements-linux.lock (line 482))
  Downloading defusedxml-0.7.1-py2.py3-none-any.whl (25 kB)
Collecting et-xmlfile==2.0.0 (from -r crew-requirements-linux.lock (line 486))
  Downloading et_xmlfile-2.0.0-py3-none-any.whl (18 kB)
Collecting frozenlist==1.8.0 (from -r crew-requirements-linux.lock (line 490))
  Downloading frozenlist-1.8.0-cp312-cp312-manylinux1_x86_64.manylinux_2_28_x86_64.manylinux_2_5_x86_64.whl (242 kB)
     ━━━━━━━━━━━━━━━━━━━━━━━━━━━━━━━━━━━━━━ 242.4/242.4 kB 23.2 MB/s eta 0:00:00
Collecting idna==3.19 (from -r crew-requirements-linux.lock (line 624))
  Downloading idna-3.19-py3-none-any.whl (68 kB)
     ━━━━━━━━━━━━━━━━━━━━━━━━━━━━━━━━━━━━━━━━ 68.5/68.5 kB 9.6 MB/s eta 0:00:00
Collecting jinja2==3.1.6 (from -r crew-requirements-linux.lock (line 630))
  Downloading jinja2-3.1.6-py3-none-any.whl (134 kB)
     ━━━━━━━━━━━━━━━━━━━━━━━━━━━━━━━━━━━━━━ 134.9/134.9 kB 14.9 MB/s eta 0:00:00
Collecting jsonschema==4.26.0 (from -r crew-requirements-linux.lock (line 634))
  Downloading jsonschema-4.26.0-py3-none-any.whl (90 kB)
     ━━━━━━━━━━━━━━━━━━━━━━━━━━━━━━━━━━━━━━━━ 90.6/90.6 kB 11.3 MB/s eta 0:00:00
Collecting jsonschema-specifications==2025.9.1 (from -r crew-requirements-linux.lock (line 638))
  Downloading jsonschema_specifications-2025.9.1-py3-none-any.whl (18 kB)
Collecting lxml==6.1.3 (from -r crew-requirements-linux.lock (line 642))
  Downloading lxml-6.1.3-cp312-cp312-manylinux_2_26_x86_64.manylinux_2_28_x86_64.whl (5.2 MB)
     ━━━━━━━━━━━━━━━━━━━━━━━━━━━━━━━━━━━━━━━━ 5.2/5.2 MB 69.2 MB/s eta 0:00:00
Collecting markupsafe==3.0.3 (from -r crew-requirements-linux.lock (line 820))
  Downloading markupsafe-3.0.3-cp312-cp312-manylinux2014_x86_64.manylinux_2_17_x86_64.manylinux_2_28_x86_64.whl (22 kB)
Collecting multidict==6.8.0 (from -r crew-requirements-linux.lock (line 911))
  Downloading multidict-6.8.0-cp312-cp312-manylinux2014_x86_64.manylinux_2_17_x86_64.manylinux_2_28_x86_64.whl (287 kB)
     ━━━━━━━━━━━━━━━━━━━━━━━━━━━━━━━━━━━━━━ 287.4/287.4 kB 22.2 MB/s eta 0:00:00
Collecting numpy==2.5.3 (from -r crew-requirements-linux.lock (line 1086))
  Downloading numpy-2.5.3-cp312-cp312-manylinux_2_27_x86_64.manylinux_2_28_x86_64.whl (16.7 MB)
     ━━━━━━━━━━━━━━━━━━━━━━━━━━━━━━━━━━━━━━━━ 16.7/16.7 MB 76.4 MB/s eta 0:00:00
Collecting openpyxl==3.1.5 (from -r crew-requirements-linux.lock (line 1154))
  Downloading openpyxl-3.1.5-py2.py3-none-any.whl (250 kB)
     ━━━━━━━━━━━━━━━━━━━━━━━━━━━━━━━━━━━━━━ 250.9/250.9 kB 27.5 MB/s eta 0:00:00
Collecting opentelemetry-api==1.44.0 (from -r crew-requirements-linux.lock (line 1158))
  Downloading opentelemetry_api-1.44.0-py3-none-any.whl (60 kB)
     ━━━━━━━━━━━━━━━━━━━━━━━━━━━━━━━━━━━━━━━━ 60.0/60.0 kB 9.1 MB/s eta 0:00:00
Collecting opentelemetry-sdk==1.44.0 (from -r crew-requirements-linux.lock (line 1165))
  Downloading opentelemetry_sdk-1.44.0-py3-none-any.whl (137 kB)
     ━━━━━━━━━━━━━━━━━━━━━━━━━━━━━━━━━━━━━━ 137.2/137.2 kB 20.1 MB/s eta 0:00:00
Collecting opentelemetry-semantic-conventions==0.65b0 (from -r crew-requirements-linux.lock (line 1169))
  Downloading opentelemetry_semantic_conventions-0.65b0-py3-none-any.whl (204 kB)
     ━━━━━━━━━━━━━━━━━━━━━━━━━━━━━━━━━━━━━━ 204.6/204.6 kB 24.5 MB/s eta 0:00:00
Collecting pathspec==1.1.1 (from -r crew-requirements-linux.lock (line 1173))
  Downloading pathspec-1.1.1-py3-none-any.whl (57 kB)
     ━━━━━━━━━━━━━━━━━━━━━━━━━━━━━━━━━━━━━━━━ 57.3/57.3 kB 7.3 MB/s eta 0:00:00
Collecting pdfminer-six==20260107 (from -r crew-requirements-linux.lock (line 1177))
  Downloading pdfminer_six-20260107-py3-none-any.whl (6.6 MB)
     ━━━━━━━━━━━━━━━━━━━━━━━━━━━━━━━━━━━━━━━━ 6.6/6.6 MB 75.6 MB/s eta 0:00:00
Collecting pdfplumber==0.11.10 (from -r crew-requirements-linux.lock (line 1181))
  Downloading pdfplumber-0.11.10-py3-none-any.whl (60 kB)
     ━━━━━━━━━━━━━━━━━━━━━━━━━━━━━━━━━━━━━━━━ 60.0/60.0 kB 7.8 MB/s eta 0:00:00
Collecting pillow==12.3.0 (from -r crew-requirements-linux.lock (line 1185))
  Downloading pillow-12.3.0-cp312-cp312-manylinux_2_27_x86_64.manylinux_2_28_x86_64.whl (6.9 MB)
     ━━━━━━━━━━━━━━━━━━━━━━━━━━━━━━━━━━━━━━━━ 6.9/6.9 MB 81.8 MB/s eta 0:00:00
Collecting propcache==0.5.2 (from -r crew-requirements-linux.lock (line 1276))
  Downloading propcache-0.5.2-cp312-cp312-manylinux2014_x86_64.manylinux_2_17_x86_64.manylinux_2_28_x86_64.whl (61 kB)
     ━━━━━━━━━━━━━━━━━━━━━━━━━━━━━━━━━━━━━━━━ 61.6/61.6 kB 8.5 MB/s eta 0:00:00
Collecting pycparser==3.0 (from -r crew-requirements-linux.lock (line 1401))
  Downloading pycparser-3.0-py3-none-any.whl (48 kB)
     ━━━━━━━━━━━━━━━━━━━━━━━━━━━━━━━━━━━━━━━━ 48.2/48.2 kB 5.7 MB/s eta 0:00:00
Collecting pypdfium2==5.13.0 (from -r crew-requirements-linux.lock (line 1405))
  Downloading pypdfium2-5.13.0-py3-none-manylinux_2_17_x86_64.manylinux2014_x86_64.whl (3.7 MB)
     ━━━━━━━━━━━━━━━━━━━━━━━━━━━━━━━━━━━━━━━━ 3.7/3.7 MB 75.1 MB/s eta 0:00:00
Collecting pysqlite3-binary==0.5.4.post2 (from -r crew-requirements-linux.lock (line 1429))
  Downloading pysqlite3_binary-0.5.4.post2-cp312-cp312-manylinux2014_x86_64.manylinux_2_17_x86_64.whl (5.0 MB)
     ━━━━━━━━━━━━━━━━━━━━━━━━━━━━━━━━━━━━━━━━ 5.0/5.0 MB 79.0 MB/s eta 0:00:00
Collecting python-dateutil==2.9.0.post0 (from -r crew-requirements-linux.lock (line 1438))
  Downloading python_dateutil-2.9.0.post0-py2.py3-none-any.whl (229 kB)
     ━━━━━━━━━━━━━━━━━━━━━━━━━━━━━━━━━━━━━━ 229.9/229.9 kB 27.0 MB/s eta 0:00:00
Collecting python-docx==1.2.0 (from -r crew-requirements-linux.lock (line 1442))
  Downloading python_docx-1.2.0-py3-none-any.whl (252 kB)
     ━━━━━━━━━━━━━━━━━━━━━━━━━━━━━━━━━━━━━━ 253.0/253.0 kB 29.6 MB/s eta 0:00:00
Collecting pytz==2026.3.post1 (from -r crew-requirements-linux.lock (line 1446))
  Downloading pytz-2026.3.post1-py2.py3-none-any.whl (508 kB)
     ━━━━━━━━━━━━━━━━━━━━━━━━━━━━━━━━━━━━━━ 508.3/508.3 kB 43.8 MB/s eta 0:00:00
Collecting pyyaml==6.0.3 (from -r crew-requirements-linux.lock (line 1450))
  Downloading pyyaml-6.0.3-cp312-cp312-manylinux2014_x86_64.manylinux_2_17_x86_64.manylinux_2_28_x86_64.whl (807 kB)
     ━━━━━━━━━━━━━━━━━━━━━━━━━━━━━━━━━━━━━━ 807.9/807.9 kB 52.3 MB/s eta 0:00:00
Collecting qrcode==8.2 (from -r crew-requirements-linux.lock (line 1525))
  Downloading qrcode-8.2-py3-none-any.whl (45 kB)
     ━━━━━━━━━━━━━━━━━━━━━━━━━━━━━━━━━━━━━━━━ 46.0/46.0 kB 5.7 MB/s eta 0:00:00
Collecting referencing==0.37.0 (from -r crew-requirements-linux.lock (line 1529))
  Downloading referencing-0.37.0-py3-none-any.whl (26 kB)
Collecting requests==2.34.2 (from -r crew-requirements-linux.lock (line 1535))
  Downloading requests-2.34.2-py3-none-any.whl (73 kB)
     ━━━━━━━━━━━━━━━━━━━━━━━━━━━━━━━━━━━━━━━━ 73.1/73.1 kB 7.4 MB/s eta 0:00:00
Collecting rpds-py==2026.6.3 (from -r crew-requirements-linux.lock (line 1539))
  Downloading rpds_py-2026.6.3-cp312-cp312-manylinux_2_17_x86_64.manylinux2014_x86_64.whl (366 kB)
     ━━━━━━━━━━━━━━━━━━━━━━━━━━━━━━━━━━━━━━ 366.2/366.2 kB 25.1 MB/s eta 0:00:00
Collecting six==1.17.0 (from -r crew-requirements-linux.lock (line 1659))
  Downloading six-1.17.0-py2.py3-none-any.whl (11 kB)
Collecting slack-sdk==3.44.1 (from -r crew-requirements-linux.lock (line 1663))
  Downloading slack_sdk-3.44.1-py2.py3-none-any.whl (319 kB)
     ━━━━━━━━━━━━━━━━━━━━━━━━━━━━━━━━━━━━━━ 319.9/319.9 kB 21.8 MB/s eta 0:00:00
Collecting snowballstemmer==3.1.1 (from -r crew-requirements-linux.lock (line 1667))
  Downloading snowballstemmer-3.1.1-py3-none-any.whl (104 kB)
     ━━━━━━━━━━━━━━━━━━━━━━━━━━━━━━━━━━━━━━━ 104.2/104.2 kB 9.1 MB/s eta 0:00:00
Collecting typing-extensions==4.16.0 (from -r crew-requirements-linux.lock (line 1671))
  Downloading typing_extensions-4.16.0-py3-none-any.whl (45 kB)
     ━━━━━━━━━━━━━━━━━━━━━━━━━━━━━━━━━━━━━━━━ 45.6/45.6 kB 3.8 MB/s eta 0:00:00
Collecting urllib3==2.7.0 (from -r crew-requirements-linux.lock (line 1683))
  Downloading urllib3-2.7.0-py3-none-any.whl (131 kB)
     ━━━━━━━━━━━━━━━━━━━━━━━━━━━━━━━━━━━━━━━ 131.1/131.1 kB 9.2 MB/s eta 0:00:00
Collecting uv==0.12.13 (from -r crew-requirements-linux.lock (line 1687))
  Downloading uv-0.12.13-py3-none-manylinux_2_17_x86_64.manylinux2014_x86_64.whl (20.0 MB)
     ━━━━━━━━━━━━━━━━━━━━━━━━━━━━━━━━━━━━━━━━ 20.0/20.0 MB 58.8 MB/s eta 0:00:00
Collecting websockets==15.0.1 (from -r crew-requirements-linux.lock (line 1708))
  Downloading websockets-15.0.1-cp312-cp312-manylinux_2_5_x86_64.manylinux1_x86_64.manylinux_2_17_x86_64.manylinux2014_x86_64.whl (182 kB)
     ━━━━━━━━━━━━━━━━━━━━━━━━━━━━━━━━━━━━━━ 182.5/182.5 kB 18.3 MB/s eta 0:00:00
Collecting yarl==1.24.5 (from -r crew-requirements-linux.lock (line 1779))
  Downloading yarl-1.24.5-cp312-cp312-manylinux2014_x86_64.manylinux_2_17_x86_64.manylinux_2_28_x86_64.whl (109 kB)
     ━━━━━━━━━━━━━━━━━━━━━━━━━━━━━━━━━━━━━━ 109.8/109.8 kB 12.8 MB/s eta 0:00:00
Installing collected packages: pytz, pysqlite3-binary, cron-descriptor, websockets, uv, urllib3, typing-extensions, snowballstemmer, slack-sdk, six, rpds-py, qrcode, pyyaml, pypdfium2, pycparser, propcache, pillow, pathspec, numpy, multidict, markupsafe, lxml, idna, frozenlist, et-xmlfile, defusedxml, charset-normalizer, certifi, attrs, aiohappyeyeballs, yarl, requests, referencing, python-docx, python-dateutil, opentelemetry-api, openpyxl, jinja2, cffi, aiosignal, opentelemetry-semantic-conventions, jsonschema-specifications, cryptography, croniter, aiohttp, pdfminer-six, opentelemetry-sdk, jsonschema, pdfplumber
Successfully installed aiohappyeyeballs-2.7.1 aiohttp-3.14.3 aiosignal-1.4.0 attrs-26.1.0 certifi-2026.7.22 cffi-2.1.1 charset-normalizer-3.5.1 cron-descriptor-1.4.5 croniter-2.0.7 cryptography-47.0.0 defusedxml-0.7.1 et-xmlfile-2.0.0 frozenlist-1.8.0 idna-3.19 jinja2-3.1.6 jsonschema-4.26.0 jsonschema-specifications-2025.9.1 lxml-6.1.3 markupsafe-3.0.3 multidict-6.8.0 numpy-2.5.3 openpyxl-3.1.5 opentelemetry-api-1.44.0 opentelemetry-sdk-1.44.0 opentelemetry-semantic-conventions-0.65b0 pathspec-1.1.1 pdfminer-six-20260107 pdfplumber-0.11.10 pillow-12.3.0 propcache-0.5.2 pycparser-3.0 pypdfium2-5.13.0 pysqlite3-binary-0.5.4.post2 python-dateutil-2.9.0.post0 python-docx-1.2.0 pytz-2026.3.post1 pyyaml-6.0.3 qrcode-8.2 referencing-0.37.0 requests-2.34.2 rpds-py-2026.6.3 six-1.17.0 slack-sdk-3.44.1 snowballstemmer-3.1.1 typing-extensions-4.16.0 urllib3-2.7.0 uv-0.12.13 websockets-15.0.1 yarl-1.24.5
AppArmor: AppArmor 4.0 with userns restricted
Code installed. Configure the dedicated demo home before starting the gateway.
